// Jest Snapshot v1, https://goo.gl/fbAQLP

exports[`Test tile rendering 1`] = `
<a
  class="portal-tile"
  data-test="tileLink"
  draggable="true"
>
  <div
    class="portal-tile__box"
    style=""
  >
    <img
      alt="title questionMark.svg"
      class="portal-tile__img"
      src="questionMark.svg"
    />
  </div>
  <span
    class="portal-tile__name"
  >
    Test Title
  </span>
  <!--v-if-->
</a>
`;
